INFO:     Will watch for changes in these directories: ['/home/samuel/.openclaw/workspace/dev_agent/oc-monitor-v3/api']
INFO:     Uvicorn running on http://0.0.0.0:8000 (Press CTRL+C to quit)
INFO:     Started reloader process [436776] using StatReload
INFO:     Started server process [436779]
INFO:     Waiting for application startup.
2026-05-05 16:14:09,291 - app.main - INFO - 🚀 OC-Monitor v3.0.0 启动中...
ERROR:    Traceback (most recent call last):
  File "/home/samuel/.openclaw/workspace/dev_agent/oc-monitor-v3/venv/lib/python3.12/site-packages/sqlalchemy/engine/base.py", line 143, in __init__
    self._dbapi_connection = engine.raw_connection()
                             ^^^^^^^^^^^^^^^^^^^^^^^
  File "/home/samuel/.openclaw/workspace/dev_agent/oc-monitor-v3/venv/lib/python3.12/site-packages/sqlalchemy/engine/base.py", line 3317, in raw_connection
    return self.pool.connect()
           ^^^^^^^^^^^^^^^^^^^
  File "/home/samuel/.openclaw/workspace/dev_agent/oc-monitor-v3/venv/lib/python3.12/site-packages/sqlalchemy/pool/base.py", line 448, in connect
    return _ConnectionFairy._checkout(self)
           ^^^^^^^^^^^^^^^^^^^^^^^^^^^^^^^^
  File "/home/samuel/.openclaw/workspace/dev_agent/oc-monitor-v3/venv/lib/python3.12/site-packages/sqlalchemy/pool/base.py", line 1272, in _checkout
    fairy = _ConnectionRecord.checkout(pool)
            ^^^^^^^^^^^^^^^^^^^^^^^^^^^^^^^^
  File "/home/samuel/.openclaw/workspace/dev_agent/oc-monitor-v3/venv/lib/python3.12/site-packages/sqlalchemy/pool/base.py", line 712, in checkout
    rec = pool._do_get()
          ^^^^^^^^^^^^^^
  File "/home/samuel/.openclaw/workspace/dev_agent/oc-monitor-v3/venv/lib/python3.12/site-packages/sqlalchemy/pool/impl.py", line 177, in _do_get
    with util.safe_reraise():
  File "/home/samuel/.openclaw/workspace/dev_agent/oc-monitor-v3/venv/lib/python3.12/site-packages/sqlalchemy/util/langhelpers.py", line 121, in __exit__
    raise exc_value.with_traceback(exc_tb)
  File "/home/samuel/.openclaw/workspace/dev_agent/oc-monitor-v3/venv/lib/python3.12/site-packages/sqlalchemy/pool/impl.py", line 175, in _do_get
    return self._create_connection()
           ^^^^^^^^^^^^^^^^^^^^^^^^^
  File "/home/samuel/.openclaw/workspace/dev_agent/oc-monitor-v3/venv/lib/python3.12/site-packages/sqlalchemy/pool/base.py", line 389, in _create_connection
    return _ConnectionRecord(self)
           ^^^^^^^^^^^^^^^^^^^^^^^
  File "/home/samuel/.openclaw/workspace/dev_agent/oc-monitor-v3/venv/lib/python3.12/site-packages/sqlalchemy/pool/base.py", line 674, in __init__
    self.__connect()
  File "/home/samuel/.openclaw/workspace/dev_agent/oc-monitor-v3/venv/lib/python3.12/site-packages/sqlalchemy/pool/base.py", line 900, in __connect
    with util.safe_reraise():
  File "/home/samuel/.openclaw/workspace/dev_agent/oc-monitor-v3/venv/lib/python3.12/site-packages/sqlalchemy/util/langhelpers.py", line 121, in __exit__
    raise exc_value.with_traceback(exc_tb)
  File "/home/samuel/.openclaw/workspace/dev_agent/oc-monitor-v3/venv/lib/python3.12/site-packages/sqlalchemy/pool/base.py", line 896, in __connect
    self.dbapi_connection = connection = pool._invoke_creator(self)
                                         ^^^^^^^^^^^^^^^^^^^^^^^^^^
  File "/home/samuel/.openclaw/workspace/dev_agent/oc-monitor-v3/venv/lib/python3.12/site-packages/sqlalchemy/engine/create.py", line 667, in connect
    return dialect.connect(*cargs_tup, **cparams)
           ^^^^^^^^^^^^^^^^^^^^^^^^^^^^^^^^^^^^^^
  File "/home/samuel/.openclaw/workspace/dev_agent/oc-monitor-v3/venv/lib/python3.12/site-packages/sqlalchemy/engine/default.py", line 630, in connect
    return self.loaded_dbapi.connect(*cargs, **cparams)  # type: ignore[no-any-return]  # NOQA: E501
           ^^^^^^^^^^^^^^^^^^^^^^^^^^^^^^^^^^^^^^^^^^^^
  File "/home/samuel/.openclaw/workspace/dev_agent/oc-monitor-v3/venv/lib/python3.12/site-packages/sqlalchemy/dialects/sqlite/aiosqlite.py", line 421, in connect
    await_only(connection),
    ^^^^^^^^^^^^^^^^^^^^^^
  File "/home/samuel/.openclaw/workspace/dev_agent/oc-monitor-v3/venv/lib/python3.12/site-packages/sqlalchemy/util/_concurrency_py3k.py", line 132, in await_only
    return current.parent.switch(awaitable)  # type: ignore[no-any-return,attr-defined] # noqa: E501
           ^^^^^^^^^^^^^^^^^^^^^^^^^^^^^^^^
  File "/home/samuel/.openclaw/workspace/dev_agent/oc-monitor-v3/venv/lib/python3.12/site-packages/sqlalchemy/util/_concurrency_py3k.py", line 196, in greenlet_spawn
    value = await result
            ^^^^^^^^^^^^
  File "/home/samuel/.openclaw/workspace/dev_agent/oc-monitor-v3/venv/lib/python3.12/site-packages/aiosqlite/core.py", line 168, in _connect
    self._connection = await future
                       ^^^^^^^^^^^^
  File "/home/samuel/.openclaw/workspace/dev_agent/oc-monitor-v3/venv/lib/python3.12/site-packages/aiosqlite/core.py", line 63, in _connection_worker_thread
    result = function()
             ^^^^^^^^^^
  File "/home/samuel/.openclaw/workspace/dev_agent/oc-monitor-v3/venv/lib/python3.12/site-packages/aiosqlite/core.py", line 466, in connector
    return sqlite3.connect(loc, **kwargs)
           ^^^^^^^^^^^^^^^^^^^^^^^^^^^^^^
sqlite3.OperationalError: unable to open database file

The above exception was the direct cause of the following exception:

Traceback (most recent call last):
  File "/home/samuel/.openclaw/workspace/dev_agent/oc-monitor-v3/venv/lib/python3.12/site-packages/starlette/routing.py", line 638, in lifespan
    async with self.lifespan_context(app) as maybe_state:
  File "/usr/lib/python3.12/contextlib.py", line 210, in __aenter__
    return await anext(self.gen)
           ^^^^^^^^^^^^^^^^^^^^^
  File "/home/samuel/.openclaw/workspace/dev_agent/oc-monitor-v3/venv/lib/python3.12/site-packages/fastapi/routing.py", line 216, in merged_lifespan
    async with original_context(app) as maybe_original_state:
  File "/usr/lib/python3.12/contextlib.py", line 210, in __aenter__
    return await anext(self.gen)
           ^^^^^^^^^^^^^^^^^^^^^
  File "/home/samuel/.openclaw/workspace/dev_agent/oc-monitor-v3/venv/lib/python3.12/site-packages/fastapi/routing.py", line 216, in merged_lifespan
    async with original_context(app) as maybe_original_state:
  File "/usr/lib/python3.12/contextlib.py", line 210, in __aenter__
    return await anext(self.gen)
           ^^^^^^^^^^^^^^^^^^^^^
  File "/home/samuel/.openclaw/workspace/dev_agent/oc-monitor-v3/venv/lib/python3.12/site-packages/fastapi/routing.py", line 216, in merged_lifespan
    async with original_context(app) as maybe_original_state:
  File "/usr/lib/python3.12/contextlib.py", line 210, in __aenter__
    return await anext(self.gen)
           ^^^^^^^^^^^^^^^^^^^^^
  File "/home/samuel/.openclaw/workspace/dev_agent/oc-monitor-v3/api/app/main.py", line 35, in lifespan
    await init_db()
  File "/home/samuel/.openclaw/workspace/dev_agent/oc-monitor-v3/api/app/database.py", line 27, in init_db
    async with engine.begin() as conn:
  File "/usr/lib/python3.12/contextlib.py", line 210, in __aenter__
    return await anext(self.gen)
           ^^^^^^^^^^^^^^^^^^^^^
  File "/home/samuel/.openclaw/workspace/dev_agent/oc-monitor-v3/venv/lib/python3.12/site-packages/sqlalchemy/ext/asyncio/engine.py", line 1068, in begin
    async with conn:
  File "/home/samuel/.openclaw/workspace/dev_agent/oc-monitor-v3/venv/lib/python3.12/site-packages/sqlalchemy/ext/asyncio/base.py", line 121, in __aenter__
    return await self.start(is_ctxmanager=True)
           ^^^^^^^^^^^^^^^^^^^^^^^^^^^^^^^^^^^^
  File "/home/samuel/.openclaw/workspace/dev_agent/oc-monitor-v3/venv/lib/python3.12/site-packages/sqlalchemy/ext/asyncio/engine.py", line 275, in start
    await greenlet_spawn(self.sync_engine.connect)
  File "/home/samuel/.openclaw/workspace/dev_agent/oc-monitor-v3/venv/lib/python3.12/site-packages/sqlalchemy/util/_concurrency_py3k.py", line 201, in greenlet_spawn
    result = context.throw(*sys.exc_info())
             ^^^^^^^^^^^^^^^^^^^^^^^^^^^^^^
  File "/home/samuel/.openclaw/workspace/dev_agent/oc-monitor-v3/venv/lib/python3.12/site-packages/sqlalchemy/engine/base.py", line 3293, in connect
    return self._connection_cls(self)
           ^^^^^^^^^^^^^^^^^^^^^^^^^^
  File "/home/samuel/.openclaw/workspace/dev_agent/oc-monitor-v3/venv/lib/python3.12/site-packages/sqlalchemy/engine/base.py", line 145, in __init__
    Connection._handle_dbapi_exception_noconnection(
  File "/home/samuel/.openclaw/workspace/dev_agent/oc-monitor-v3/venv/lib/python3.12/site-packages/sqlalchemy/engine/base.py", line 2448, in _handle_dbapi_exception_noconnection
    raise sqlalchemy_exception.with_traceback(exc_info[2]) from e
  File "/home/samuel/.openclaw/workspace/dev_agent/oc-monitor-v3/venv/lib/python3.12/site-packages/sqlalchemy/engine/base.py", line 143, in __init__
    self._dbapi_connection = engine.raw_connection()
                             ^^^^^^^^^^^^^^^^^^^^^^^
  File "/home/samuel/.openclaw/workspace/dev_agent/oc-monitor-v3/venv/lib/python3.12/site-packages/sqlalchemy/engine/base.py", line 3317, in raw_connection
    return self.pool.connect()
           ^^^^^^^^^^^^^^^^^^^
  File "/home/samuel/.openclaw/workspace/dev_agent/oc-monitor-v3/venv/lib/python3.12/site-packages/sqlalchemy/pool/base.py", line 448, in connect
    return _ConnectionFairy._checkout(self)
           ^^^^^^^^^^^^^^^^^^^^^^^^^^^^^^^^
  File "/home/samuel/.openclaw/workspace/dev_agent/oc-monitor-v3/venv/lib/python3.12/site-packages/sqlalchemy/pool/base.py", line 1272, in _checkout
    fairy = _ConnectionRecord.checkout(pool)
            ^^^^^^^^^^^^^^^^^^^^^^^^^^^^^^^^
  File "/home/samuel/.openclaw/workspace/dev_agent/oc-monitor-v3/venv/lib/python3.12/site-packages/sqlalchemy/pool/base.py", line 712, in checkout
    rec = pool._do_get()
          ^^^^^^^^^^^^^^
  File "/home/samuel/.openclaw/workspace/dev_agent/oc-monitor-v3/venv/lib/python3.12/site-packages/sqlalchemy/pool/impl.py", line 177, in _do_get
    with util.safe_reraise():
  File "/home/samuel/.openclaw/workspace/dev_agent/oc-monitor-v3/venv/lib/python3.12/site-packages/sqlalchemy/util/langhelpers.py", line 121, in __exit__
    raise exc_value.with_traceback(exc_tb)
  File "/home/samuel/.openclaw/workspace/dev_agent/oc-monitor-v3/venv/lib/python3.12/site-packages/sqlalchemy/pool/impl.py", line 175, in _do_get
    return self._create_connection()
           ^^^^^^^^^^^^^^^^^^^^^^^^^
  File "/home/samuel/.openclaw/workspace/dev_agent/oc-monitor-v3/venv/lib/python3.12/site-packages/sqlalchemy/pool/base.py", line 389, in _create_connection
    return _ConnectionRecord(self)
           ^^^^^^^^^^^^^^^^^^^^^^^
  File "/home/samuel/.openclaw/workspace/dev_agent/oc-monitor-v3/venv/lib/python3.12/site-packages/sqlalchemy/pool/base.py", line 674, in __init__
    self.__connect()
  File "/home/samuel/.openclaw/workspace/dev_agent/oc-monitor-v3/venv/lib/python3.12/site-packages/sqlalchemy/pool/base.py", line 900, in __connect
    with util.safe_reraise():
  File "/home/samuel/.openclaw/workspace/dev_agent/oc-monitor-v3/venv/lib/python3.12/site-packages/sqlalchemy/util/langhelpers.py", line 121, in __exit__
    raise exc_value.with_traceback(exc_tb)
  File "/home/samuel/.openclaw/workspace/dev_agent/oc-monitor-v3/venv/lib/python3.12/site-packages/sqlalchemy/pool/base.py", line 896, in __connect
    self.dbapi_connection = connection = pool._invoke_creator(self)
                                         ^^^^^^^^^^^^^^^^^^^^^^^^^^
  File "/home/samuel/.openclaw/workspace/dev_agent/oc-monitor-v3/venv/lib/python3.12/site-packages/sqlalchemy/engine/create.py", line 667, in connect
    return dialect.connect(*cargs_tup, **cparams)
           ^^^^^^^^^^^^^^^^^^^^^^^^^^^^^^^^^^^^^^
  File "/home/samuel/.openclaw/workspace/dev_agent/oc-monitor-v3/venv/lib/python3.12/site-packages/sqlalchemy/engine/default.py", line 630, in connect
    return self.loaded_dbapi.connect(*cargs, **cparams)  # type: ignore[no-any-return]  # NOQA: E501
           ^^^^^^^^^^^^^^^^^^^^^^^^^^^^^^^^^^^^^^^^^^^^
  File "/home/samuel/.openclaw/workspace/dev_agent/oc-monitor-v3/venv/lib/python3.12/site-packages/sqlalchemy/dialects/sqlite/aiosqlite.py", line 421, in connect
    await_only(connection),
    ^^^^^^^^^^^^^^^^^^^^^^
  File "/home/samuel/.openclaw/workspace/dev_agent/oc-monitor-v3/venv/lib/python3.12/site-packages/sqlalchemy/util/_concurrency_py3k.py", line 132, in await_only
    return current.parent.switch(awaitable)  # type: ignore[no-any-return,attr-defined] # noqa: E501
           ^^^^^^^^^^^^^^^^^^^^^^^^^^^^^^^^
  File "/home/samuel/.openclaw/workspace/dev_agent/oc-monitor-v3/venv/lib/python3.12/site-packages/sqlalchemy/util/_concurrency_py3k.py", line 196, in greenlet_spawn
    value = await result
            ^^^^^^^^^^^^
  File "/home/samuel/.openclaw/workspace/dev_agent/oc-monitor-v3/venv/lib/python3.12/site-packages/aiosqlite/core.py", line 168, in _connect
    self._connection = await future
                       ^^^^^^^^^^^^
  File "/home/samuel/.openclaw/workspace/dev_agent/oc-monitor-v3/venv/lib/python3.12/site-packages/aiosqlite/core.py", line 63, in _connection_worker_thread
    result = function()
             ^^^^^^^^^^
  File "/home/samuel/.openclaw/workspace/dev_agent/oc-monitor-v3/venv/lib/python3.12/site-packages/aiosqlite/core.py", line 466, in connector
    return sqlite3.connect(loc, **kwargs)
           ^^^^^^^^^^^^^^^^^^^^^^^^^^^^^^
sqlalchemy.exc.OperationalError: (sqlite3.OperationalError) unable to open database file
(Background on this error at: https://sqlalche.me/e/20/e3q8)

ERROR:    Application startup failed. Exiting.
INFO:     Stopping reloader process [436776]
